sq->disk n=5: found 1.0287649329  record 1.028000  IMPROVED  (73s)
sq->disk n=6: found 1.1264064235  record 1.126000  IMPROVED  (113s)
sq->disk n=7: found 1.2418856665  record 1.239000 (bar 1.240000)  IMPROVED  (131s)
sq->disk n=8: found 1.3764271850  record 1.375000 (bar 1.376000)  IMPROVED  (152s)
sq->disk n=10: found 1.5463853078  record 1.546000 (bar 1.547000)    (182s)
sq->disk n=11: found 1.6077902356  record 1.608000 (bar 1.609000)    (264s)
sq->disk n=12: found 1.7123992866  record 1.701000 (bar 1.702000)  IMPROVED  (270s)
sq->disk n=13: found 1.7814932554  record 1.779000 (bar 1.780000)  IMPROVED  (318s)
sq->disk n=14: found 1.8833067278  record 1.883000 (bar 1.884000)    (374s)
sq->disk n=15: found 1.9907612437  record 1.991000 (bar 1.992000)    (436s)
sq->disk n=16: found 2.0073788934  record 2.007000 (bar 2.008000)    (560s)
sq->disk n=17: found 2.0471829029  record 2.042000 (bar 2.043000)  IMPROVED  (745s)
sq->disk n=18: found 2.1248087097  record 2.116000 (bar 2.117000)  IMPROVED  (840s)
tri->disk n=7: found 0.8925577277  record 0.892000 (bar 0.893000)    (109s)
tri->disk n=14: found 1.2908626109  record 1.290000 (bar 1.291000)    (277s)
tri->disk n=15: found 1.3438782588  record 1.343000 (bar 1.344000)    (333s)
tri->disk n=16: found 1.3927409322  record 1.392000 (bar 1.393000)    (439s)
tri->disk n=17: found 1.4342309364  record 1.434000 (bar 1.435000)    (498s)
tri->disk n=18: found 1.4752517432  record 1.475000 (bar 1.476000)    (502s)
tri->disk n=3: found 0.5212654192  record 0.521265 (bar 0.521265)    (25s)
tri->disk n=4: found 0.6207625748  record 0.620763 (bar 0.620763)    (36s)
tri->disk n=5: found 0.7247857273  record 0.724786 (bar 0.724786)    (60s)
tri->disk n=8: found 0.9690627763  record 0.969063 (bar 0.969063)    (148s)
tri->disk n=9: found 1.0145695551  record 1.013517 (bar 1.013517)  IMPROVED  (150s)
tri->disk n=10: found 1.0886170867  record 1.088617 (bar 1.088617)    (153s)
tri->disk n=11: found 1.1424993422  record 1.142293 (bar 1.142293)  IMPROVED  (218s)
tri->disk n=12: found 1.1864409574  record 1.184826 (bar 1.184826)  IMPROVED  (227s)
tri->disk n=13: found 1.2541511050  record 1.254151 (bar 1.254151)    (246s)
tri->square n=3: found 0.9282032303  record 0.928203 (bar 0.928203)    (30s)
tri->square n=4: found 1.0980762114  record 1.098076 (bar 1.098076)    (33s)
tri->square n=5: found 1.2451905284  record 1.245191 (bar 1.245191)    (59s)
tri->square n=6: found 1.4130906537  record 1.413091 (bar 1.413091)    (65s)
tri->square n=8: found 1.6698729811  record 1.669873 (bar 1.669873)    (119s)
tri->square n=9: found 1.7716812980  record 1.771681 (bar 1.771681)    (125s)
tri->square n=10: found 1.8887048198  record 1.886751 (bar 1.886751)  IMPROVED  (134s)
tri->square n=11: found 1.9837174569  record 1.982051 (bar 1.982051)  IMPROVED  (183s)
tri->square n=12: found 2.0746447265  record 2.086489 (bar 2.086489)    (189s)
